[21:12:51] [INFO] Loading: results/outputs/code_longspan/step_2_2_geospatial_temporal_analysis_code.json
[21:12:52] [INFO] Extracting existing Step 2.2 results...
[21:12:52] [INFO]   ✓ Extracted 8 sectors
[21:12:52] [INFO]   ✓ Extracted 34 temporal windows
[21:12:52] [INFO]   ✓ Hemisphere data: N=34, S=34
[21:12:52] [INFO] Performing 'Clever' Galactic Vector Search...
[21:12:53] [SUCCESS]   Best Fit: RA=6.0°, Dec=4.0° (r=0.7465)
[21:12:53] [INFO]   Known Apex: RA=271°, Dec=30°
[21:12:53] [INFO]   Calculating bootstrap confidence intervals...
[21:12:53] [INFO]   95% CI: [0.5653, 0.8827]
[21:12:53] [INFO]   Running permutation test (100000 samples)...
[21:12:56] [INFO] Comparing competing models (including ecliptic controls)...
[21:12:56] [SUCCESS]   CMB Dipole (RA=168°, Dec=-7°): R²=0.2976 (29.8% variance explained)
[21:12:56] [INFO]   Ecliptic East (RA=90°, Dec=0°): R²=0.0026 (0.3% variance explained)
[21:12:56] [INFO]   Ecliptic West (RA=270°, Dec=0°): R²=0.0026 (0.3% variance explained)
[21:12:56] [INFO]   Solar Apex (RA=272°, Dec=+30°): R²=0.0000 (0.0% variance explained)
[21:12:56] [INFO] 
Ecliptic Control Discrimination:
[21:12:56] [INFO]   CMB / Ecliptic East variance ratio: 112.9×
[21:12:56] [INFO]   CMB / Ecliptic West variance ratio: 113.3×
[21:12:56] [INFO] Comparing background models...
[21:12:56] [INFO]   Solar Apex               : r =  0.0059, p = 0.973582
[21:12:56] [SUCCESS]   Best Fit (Grid Search)   : r =  0.7465, p = 0.000000
[21:12:56] [SUCCESS]   CMB Dipole               : r = -0.5455, p = 0.000848
[21:12:56] [INFO]   Null (Orbital Only)      : r =  0.0053, p = 0.976107
[21:12:56] [INFO] Performing geometric angle validation...
[21:12:56] [INFO]   Time-averaged EW/NS ratio: 0.540
[21:12:56] [INFO]   Predicted vs Observed EW/NS: r = 0.0405, p = 0.820256
[21:12:56] [INFO]   Velocity angle vs Observed: r = 0.1868, p = 0.290202
[21:12:56] [INFO] Running statistical tests...
[21:12:56] [INFO]   1/4 tests significant
[21:12:56] [INFO] Assessment: Weak to Moderate Support
[21:12:57] [SUCCESS] Saved ultra-minimal heatmap: results/figures/code_longspan/step_2_5_vector_search_heatmap.png
[21:12:57] [INFO] Figure caption: (a) Best fit, (b) CMB dipole control, (c) Solar apex control, (d) aphelion velocity tangent
[21:12:57] [INFO] Extracting existing Step 2.2 results...
[21:12:57] [INFO]   ✓ Extracted 8 sectors
[21:12:57] [INFO]   ✓ Extracted 34 temporal windows
[21:12:57] [INFO]   ✓ Hemisphere data: N=34, S=34
[21:12:58] [SUCCESS] Saved enhanced model comparison: results/figures/code_longspan/step_2_5_model_comparison_timeseries.png
