[20:22:03] [INFO] 
[20:22:03] [INFO] ================================================================================
[20:22:03] [INFO] TEP GNSS Analysis Package v0.7 (Cairo) - STEP 1.1: Data Acquisition
[20:22:03] [INFO] ================================================================================
[20:22:03] [INFO] 
[20:22:03] [PROCESS] Building comprehensive station catalogue from authoritative sources
[20:22:03] [PROCESS] Fetching coordinates from authoritative sources...
[20:22:03] [PROCESS] Building comprehensive coordinate catalogue...
[20:22:03] [PROCESS] Fetching IGS network coordinates...
[20:22:05] [SUCCESS] Retrieved 768 stations from IGS network
[20:22:05] [PROCESS] Calculating geomagnetic coordinates for all stations...
[20:22:05] [SUCCESS] Geomagnetic coordinate calculation complete: 768 successful, 0 failed
[20:22:05] [SUCCESS] Built coordinate catalogue: 768 unique stations
[20:22:05] [SUCCESS] Stations with valid coordinates: 768/768 (100.0%)
[20:22:05] [SUCCESS] Geomagnetic coordinates: 768/768 stations (100.0%)
[20:22:05] [SUCCESS] Station catalogue built: 768 stations saved to step_1_1_station_coords_global.csv
[20:22:05] [INFO] Coordinate verification summary:
[20:22:05] [INFO]   Total stations in catalogue: 768
[20:22:05] [SUCCESS]   Stations with valid coordinates: 768
[20:22:05] [SUCCESS]   Verified stations for analysis: 768
[20:22:05] [SUCCESS] Final station catalogue: 768 stations (768 with valid coordinates)
[20:22:05] [INFO] Existing clock files (CODE only): CODE:912
[20:22:05] [PROCESS] Generating download tasks...
[20:22:05] [INFO] Using date filter 2000-03-01 → 2025-06-30 (9253 days)
[20:22:05] [SUCCESS] Tasks generated (CODE only): CODE:9253
[20:22:05] [INFO] 
[20:22:05] [INFO] ================================================================================
[20:22:05] [INFO] PARALLEL CLOCK FILE ACQUISITION
[20:22:05] [INFO] ================================================================================
[20:22:05] [INFO] 
[20:22:05] [PROCESS] Processing CODE: 9253 files with 14 workers
[20:22:05] [SUCCESS] CODE: 9218 files already exist
[20:22:05] [PROCESS] CODE: Downloading 35 missing files...
[20:22:05] [SUCCESS] CODE initial acquisition phase: 0 files acquired, 0 files failed
[20:22:05] [SUCCESS] CODE acquisition summary: 0 files successfully acquired, 0 files failed
[20:22:05] [INFO] ACQUISITION COMPLETE (CODE only)
[20:22:05] [SUCCESS] Final clock files: CODE:912
[20:22:05] [SUCCESS] Total time: 0.0 minutes
[20:22:05] [SUCCESS] Downloaded: 0 files
[20:22:05] [SUCCESS] Data acquisition completed successfully
[20:22:05] [INFO] Ready for coordinate validation (Step 1.2)
[20:22:05] [SUCCESS] Results saved to step_1_1_code_longspan.json
[20:22:05] [SUCCESS] Detailed logs available in code_longspan/step_1_1_code_longspan.log
[20:22:05] [INFO] Exploratory run: provenance tracking skipped (isolated from main pipeline)
